Script started on Wed 11 Sep 2019 01:41:07 AM EDT
[?1034hbash-4.2$ cd ~/os161/root
bash-4.2$ cs161-gdb kernel
[?1034hGNU gdb 6.6
Copyright (C) 2006 Free Software Foundation, Inc.
GDB is free software, covered by the GNU General Public License, and you are
welcome to change it and/or distribute copies of it under certain conditions.
Type "show copying" to see the conditions.
There is absolutely no warranty for GDB.  Type "show warranty" for details.
This GDB was configured as "--host=x86_64-unknown-linux-gnu --target=mips-elf"...
(gdb) target remote unix:.sockets/gdb
Remote debugging using unix:.sockets/gdb
__start () at ../../arch/mips/mips/start.S:24
24	../../arch/mips/mips/start.S: No such file or directory.
	in ../../arch/mips/mips/start.S
Current language:  auto; currently asm
(gdb) break mean[K[Knu
Breakpoint 1 at 0x8001ba7c: file ../../main/menu.c, line 647.
(gdb) c
Continuing.

Breakpoint 1, menu (args=0x8002a364 "") at ../../main/menu.c:647
647		menu_execute(args, 1);
Current language:  auto; currently c
(gdb) where
#0  menu (args=0x8002a364 "") at ../../main/menu.c:647
#1  0xffffffff8001a9ac in kmain (arguments=0x8002a364 "") at ../../main/main.c:164
#2  0xffffffff8000d274 in __start () at ../../arch/mips/mips/start.S:163
(gdb) detach
Ending remote debugging.
(gdb) quit
bash-4.2$ exit

Script done on Wed 11 Sep 2019 01:42:05 AM EDT
